122.170.44.211 - - [19/May/2022:14:09:39 +0000] "GET / HTTP/1.1" 200 861 "-" "Mozilla/5.0 (Windows NT 10.0; Win64; x64) AppleWebKit/537.36 (KHTML, like Gecko) Chrome/101.0.4951.67 Safari/537.36"
122.170.44.211 - - [19/May/2022:14:09:40 +0000] "GET /pwall/css.css HTTP/1.1" 200 501 "http://pwa.pmcommu.in/" "Mozilla/5.0 (Windows NT 10.0; Win64; x64) AppleWebKit/537.36 (KHTML, like Gecko) Chrome/101.0.4951.67 Safari/537.36"
122.170.44.211 - - [19/May/2022:14:09:40 +0000] "GET /pwall/js.js HTTP/1.1" 200 564 "http://pwa.pmcommu.in/" "Mozilla/5.0 (Windows NT 10.0; Win64; x64) AppleWebKit/537.36 (KHTML, like Gecko) Chrome/101.0.4951.67 Safari/537.36"
122.170.44.211 - - [19/May/2022:14:09:40 +0000] "GET /pwall/app-store.png HTTP/1.1" 200 15812 "http://pwa.pmcommu.in/" "Mozilla/5.0 (Windows NT 10.0; Win64; x64) AppleWebKit/537.36 (KHTML, like Gecko) Chrome/101.0.4951.67 Safari/537.36"
122.170.44.211 - - [19/May/2022:14:10:26 +0000] "GET /manifest.json HTTP/1.1" 200 315 "http://pwa.pmcommu.in/" "Mozilla/5.0 (Windows NT 10.0; Win64; x64) AppleWebKit/537.36 (KHTML, like Gecko) Chrome/101.0.4951.67 Safari/537.36"
18.156.35.151 - - [19/May/2022:14:10:35 +0000] "GET /.well-known/acme-challenge/9jtWw_fPGj24PzfPeU6dj1o7AuaF-8v-U-CopcoSrpE HTTP/1.1" 200 87 "-" "Mozilla/5.0 (compatible; Let's Encrypt validation server; +https://www.letsencrypt.org)"
54.188.248.230 - - [19/May/2022:14:10:35 +0000] "GET /.well-known/acme-challenge/9jtWw_fPGj24PzfPeU6dj1o7AuaF-8v-U-CopcoSrpE HTTP/1.1" 200 87 "-" "Mozilla/5.0 (compatible; Let's Encrypt validation server; +https://www.letsencrypt.org)"
3.143.220.11 - - [19/May/2022:14:10:35 +0000] "GET /.well-known/acme-challenge/9jtWw_fPGj24PzfPeU6dj1o7AuaF-8v-U-CopcoSrpE HTTP/1.1" 200 87 "-" "Mozilla/5.0 (compatible; Let's Encrypt validation server; +https://www.letsencrypt.org)"
66.133.109.36 - - [19/May/2022:14:10:35 +0000] "GET /.well-known/acme-challenge/9jtWw_fPGj24PzfPeU6dj1o7AuaF-8v-U-CopcoSrpE HTTP/1.1" 200 87 "-" "Mozilla/5.0 (compatible; Let's Encrypt validation server; +https://www.letsencrypt.org)"
122.170.44.211 - - [19/May/2022:14:10:48 +0000] "GET / HTTP/1.1" 301 231 "-" "Mozilla/5.0 (Windows NT 10.0; Win64; x64) AppleWebKit/537.36 (KHTML, like Gecko) Chrome/101.0.4951.67 Safari/537.36"
122.170.44.211 - - [19/May/2022:14:10:59 +0000] "GET / HTTP/1.1" 200 861 "-" "Mozilla/5.0 (Windows NT 10.0; Win64; x64) AppleWebKit/537.36 (KHTML, like Gecko) Chrome/101.0.4951.67 Safari/537.36"
122.170.44.211 - - [19/May/2022:14:10:59 +0000] "GET /pwall/css.css HTTP/1.1" 200 501 "https://pwa.pmcommu.in/" "Mozilla/5.0 (Windows NT 10.0; Win64; x64) AppleWebKit/537.36 (KHTML, like Gecko) Chrome/101.0.4951.67 Safari/537.36"
122.170.44.211 - - [19/May/2022:14:10:59 +0000] "GET /pwall/js.js HTTP/1.1" 200 564 "https://pwa.pmcommu.in/" "Mozilla/5.0 (Windows NT 10.0; Win64; x64) AppleWebKit/537.36 (KHTML, like Gecko) Chrome/101.0.4951.67 Safari/537.36"
122.170.44.211 - - [19/May/2022:14:10:59 +0000] "GET /pwall/app-store.png HTTP/1.1" 200 15812 "https://pwa.pmcommu.in/" "Mozilla/5.0 (Windows NT 10.0; Win64; x64) AppleWebKit/537.36 (KHTML, like Gecko) Chrome/101.0.4951.67 Safari/537.36"
122.170.44.211 - - [19/May/2022:14:11:00 +0000] "GET /pwall/service-worker.js HTTP/1.1" 200 399 "https://pwa.pmcommu.in/" "Mozilla/5.0 (Windows NT 10.0; Win64; x64) AppleWebKit/537.36 (KHTML, like Gecko) Chrome/101.0.4951.67 Safari/537.36"
122.170.44.211 - - [19/May/2022:14:11:01 +0000] "GET /manifest.json HTTP/1.1" 200 315 "https://pwa.pmcommu.in/" "Mozilla/5.0 (Windows NT 10.0; Win64; x64) AppleWebKit/537.36 (KHTML, like Gecko) Chrome/101.0.4951.67 Safari/537.36"
122.170.44.211 - - [19/May/2022:14:11:19 +0000] "GET /pwall/app-store.png HTTP/1.1" 200 15812 "-" "Mozilla/5.0 (Windows NT 10.0; Win64; x64) AppleWebKit/537.36 (KHTML, like Gecko) Chrome/101.0.4951.67 Safari/537.36"
122.170.44.211 - - [19/May/2022:14:11:41 +0000] "GET / HTTP/1.1" 304 - "-" "Mozilla/5.0 (Windows NT 10.0; Win64; x64) AppleWebKit/537.36 (KHTML, like Gecko) Chrome/101.0.4951.67 Safari/537.36"
162.142.125.212 - - [19/May/2022:14:12:06 +0000] "GET / HTTP/1.1" 301 231 "-" "Mozilla/5.0 (compatible; CensysInspect/1.1; +https://about.censys.io/)"
89.175.184.250 - - [19/May/2022:14:12:06 +0000] "GET / HTTP/1.1" 200 861 "-" "Mozilla/5.0 (Windows NT 6.1; WOW64) AppleWebKit/537.20 (KHTML, like Gecko) Chrome/25.0.1330.0 Safari/537.20"
162.142.125.212 - - [19/May/2022:14:12:07 +0000] "GET / HTTP/1.1" 200 861 "-" "Mozilla/5.0 (compatible; CensysInspect/1.1; +https://about.censys.io/)"
51.81.167.146 - - [19/May/2022:14:12:08 +0000] "GET / HTTP/1.1" 301 231 "-" "Mozilla/5.0 (iPhone; CPU iPhone OS 15_1_1 like Mac OS X) AppleWebKit/605.1.15 (KHTML, like Gecko) Version/15.1 Mobile/15E148 Safari/604.1"
162.142.125.212 - - [19/May/2022:14:12:08 +0000] "GET / HTTP/1.1" 200 861 "-" "Mozilla/5.0 (compatible; CensysInspect/1.1; +https://about.censys.io/)"
95.211.187.229 - - [19/May/2022:14:12:08 +0000] "GET / HTTP/1.1" 200 861 "-" "Go-http-client/1.1"
51.81.167.146 - - [19/May/2022:14:12:09 +0000] "GET / HTTP/1.1" 200 861 "-" "Mozilla/5.0 (iPhone; CPU iPhone OS 15_1_1 like Mac OS X) AppleWebKit/605.1.15 (KHTML, like Gecko) Version/15.1 Mobile/15E148 Safari/604.1"
122.170.44.211 - - [19/May/2022:14:12:22 +0000] "GET / HTTP/1.1" 200 861 "-" "Mozilla/5.0 (Windows NT 10.0; Win64; x64) AppleWebKit/537.36 (KHTML, like Gecko) Chrome/101.0.4951.67 Safari/537.36"
122.170.44.211 - - [19/May/2022:14:12:22 +0000] "GET /pwall/css.css HTTP/1.1" 200 501 "https://pwa.pmcommu.in/" "Mozilla/5.0 (Windows NT 10.0; Win64; x64) AppleWebKit/537.36 (KHTML, like Gecko) Chrome/101.0.4951.67 Safari/537.36"
122.170.44.211 - - [19/May/2022:14:12:22 +0000] "GET /pwall/js.js HTTP/1.1" 200 564 "https://pwa.pmcommu.in/" "Mozilla/5.0 (Windows NT 10.0; Win64; x64) AppleWebKit/537.36 (KHTML, like Gecko) Chrome/101.0.4951.67 Safari/537.36"
122.170.44.211 - - [19/May/2022:14:12:22 +0000] "GET /pwall/app-store.png HTTP/1.1" 200 15812 "https://pwa.pmcommu.in/" "Mozilla/5.0 (Windows NT 10.0; Win64; x64) AppleWebKit/537.36 (KHTML, like Gecko) Chrome/101.0.4951.67 Safari/537.36"
122.170.44.211 - - [19/May/2022:14:12:25 +0000] "GET /manifest.json HTTP/1.1" 200 315 "https://pwa.pmcommu.in/" "Mozilla/5.0 (Windows NT 10.0; Win64; x64) AppleWebKit/537.36 (KHTML, like Gecko) Chrome/101.0.4951.67 Safari/537.36"
122.170.44.211 - - [19/May/2022:14:12:25 +0000] "GET /pwall/service-worker.js HTTP/1.1" 200 399 "https://pwa.pmcommu.in/" "Mozilla/5.0 (Windows NT 10.0; Win64; x64) AppleWebKit/537.36 (KHTML, like Gecko) Chrome/101.0.4951.67 Safari/537.36"
122.170.44.211 - - [19/May/2022:14:12:25 +0000] "GET /pwall/app-store.png HTTP/1.1" 200 15812 "-" "Mozilla/5.0 (Windows NT 10.0; Win64; x64) AppleWebKit/537.36 (KHTML, like Gecko) Chrome/101.0.4951.67 Safari/537.36"
122.170.44.211 - - [19/May/2022:14:13:32 +0000] "GET / HTTP/1.1" 304 - "-" "Mozilla/5.0 (Windows NT 10.0; Win64; x64) AppleWebKit/537.36 (KHTML, like Gecko) Chrome/101.0.4951.67 Safari/537.36"
122.170.44.211 - - [19/May/2022:14:13:32 +0000] "GET /pwall/css.css HTTP/1.1" 304 - "https://pwa.pmcommu.in/" "Mozilla/5.0 (Windows NT 10.0; Win64; x64) AppleWebKit/537.36 (KHTML, like Gecko) Chrome/101.0.4951.67 Safari/537.36"
122.170.44.211 - - [19/May/2022:14:13:32 +0000] "GET /pwall/js.js HTTP/1.1" 304 - "https://pwa.pmcommu.in/" "Mozilla/5.0 (Windows NT 10.0; Win64; x64) AppleWebKit/537.36 (KHTML, like Gecko) Chrome/101.0.4951.67 Safari/537.36"
122.170.44.211 - - [19/May/2022:14:13:32 +0000] "GET /pwall/app-store.png HTTP/1.1" 304 - "https://pwa.pmcommu.in/" "Mozilla/5.0 (Windows NT 10.0; Win64; x64) AppleWebKit/537.36 (KHTML, like Gecko) Chrome/101.0.4951.67 Safari/537.36"
122.170.44.211 - - [19/May/2022:14:13:33 +0000] "GET /manifest.json HTTP/1.1" 304 - "https://pwa.pmcommu.in/" "Mozilla/5.0 (Windows NT 10.0; Win64; x64) AppleWebKit/537.36 (KHTML, like Gecko) Chrome/101.0.4951.67 Safari/537.36"
95.211.187.229 - - [19/May/2022:14:14:09 +0000] "GET / HTTP/1.1" 200 861 "-" "Go-http-client/1.1"
122.170.44.211 - - [19/May/2022:14:14:13 +0000] "GET / HTTP/1.1" 200 861 "-" "Mozilla/5.0 (Windows NT 10.0; Win64; x64) AppleWebKit/537.36 (KHTML, like Gecko) Chrome/101.0.4951.67 Safari/537.36"
122.170.44.211 - - [19/May/2022:14:14:13 +0000] "GET /pwall/css.css HTTP/1.1" 200 501 "https://pwa.pmcommu.in/" "Mozilla/5.0 (Windows NT 10.0; Win64; x64) AppleWebKit/537.36 (KHTML, like Gecko) Chrome/101.0.4951.67 Safari/537.36"
122.170.44.211 - - [19/May/2022:14:14:13 +0000] "GET /pwall/js.js HTTP/1.1" 200 564 "https://pwa.pmcommu.in/" "Mozilla/5.0 (Windows NT 10.0; Win64; x64) AppleWebKit/537.36 (KHTML, like Gecko) Chrome/101.0.4951.67 Safari/537.36"
122.170.44.211 - - [19/May/2022:14:14:14 +0000] "GET /pwall/app-store.png HTTP/1.1" 200 15812 "https://pwa.pmcommu.in/" "Mozilla/5.0 (Windows NT 10.0; Win64; x64) AppleWebKit/537.36 (KHTML, like Gecko) Chrome/101.0.4951.67 Safari/537.36"
122.170.44.211 - - [19/May/2022:14:14:14 +0000] "GET /pwall/service-worker.js HTTP/1.1" 200 399 "https://pwa.pmcommu.in/" "Mozilla/5.0 (Windows NT 10.0; Win64; x64) AppleWebKit/537.36 (KHTML, like Gecko) Chrome/101.0.4951.67 Safari/537.36"
122.170.44.211 - - [19/May/2022:14:14:15 +0000] "GET /manifest.json HTTP/1.1" 200 315 "https://pwa.pmcommu.in/" "Mozilla/5.0 (Windows NT 10.0; Win64; x64) AppleWebKit/537.36 (KHTML, like Gecko) Chrome/101.0.4951.67 Safari/537.36"
122.170.44.211 - - [19/May/2022:14:14:15 +0000] "GET /pwall/app-store.png HTTP/1.1" 200 15812 "https://pwa.pmcommu.in/" "Mozilla/5.0 (Windows NT 10.0; Win64; x64) AppleWebKit/537.36 (KHTML, like Gecko) Chrome/101.0.4951.67 Safari/537.36"
66.249.82.16 - - [19/May/2022:14:14:25 +0000] "GET / HTTP/1.1" 200 861 "-" "Mozilla/5.0 (Linux; Android 7.0; Moto G (4)) AppleWebKit/537.36 (KHTML, like Gecko) Chrome/94.0.4590.2 Mobile Safari/537.36 Chrome-Lighthouse"
66.249.82.16 - - [19/May/2022:14:14:26 +0000] "GET /pwall/css.css HTTP/1.1" 200 501 "https://pwa.pmcommu.in/" "Mozilla/5.0 (Linux; Android 7.0; Moto G (4)) AppleWebKit/537.36 (KHTML, like Gecko) Chrome/94.0.4590.2 Mobile Safari/537.36 Chrome-Lighthouse"
66.249.82.18 - - [19/May/2022:14:14:26 +0000] "GET /pwall/app-store.png HTTP/1.1" 200 15812 "https://pwa.pmcommu.in/" "Mozilla/5.0 (Linux; Android 7.0; Moto G (4)) AppleWebKit/537.36 (KHTML, like Gecko) Chrome/94.0.4590.2 Mobile Safari/537.36 Chrome-Lighthouse"
66.249.82.16 - - [19/May/2022:14:14:26 +0000] "GET /pwall/js.js HTTP/1.1" 200 564 "https://pwa.pmcommu.in/" "Mozilla/5.0 (Linux; Android 7.0; Moto G (4)) AppleWebKit/537.36 (KHTML, like Gecko) Chrome/94.0.4590.2 Mobile Safari/537.36 Chrome-Lighthouse"
66.249.82.18 - - [19/May/2022:14:14:27 +0000] "GET /pwall/service-worker.js HTTP/1.1" 200 399 "https://pwa.pmcommu.in/" "Mozilla/5.0 (Linux; Android 7.0; Moto G (4)) AppleWebKit/537.36 (KHTML, like Gecko) Chrome/94.0.4590.2 Mobile Safari/537.36 Chrome-Lighthouse"
66.249.82.16 - - [19/May/2022:14:14:27 +0000] "GET /pwall/css.css HTTP/1.1" 200 501 "https://pwa.pmcommu.in/pwall/service-worker.js" "Mozilla/5.0 (Linux; Android 7.0; Moto G (4)) AppleWebKit/537.36 (KHTML, like Gecko) Chrome/94.0.4590.2 Mobile Safari/537.36 Chrome-Lighthouse"
66.249.82.16 - - [19/May/2022:14:14:27 +0000] "GET /pwall/app-store.png HTTP/1.1" 200 15812 "https://pwa.pmcommu.in/pwall/service-worker.js" "Mozilla/5.0 (Linux; Android 7.0; Moto G (4)) AppleWebKit/537.36 (KHTML, like Gecko) Chrome/94.0.4590.2 Mobile Safari/537.36 Chrome-Lighthouse"
66.249.82.17 - - [19/May/2022:14:14:27 +0000] "GET / HTTP/1.1" 200 861 "https://pwa.pmcommu.in/pwall/service-worker.js" "Mozilla/5.0 (Linux; Android 7.0; Moto G (4)) AppleWebKit/537.36 (KHTML, like Gecko) Chrome/94.0.4590.2 Mobile Safari/537.36 Chrome-Lighthouse"
66.249.82.17 - - [19/May/2022:14:14:29 +0000] "GET /manifest.json HTTP/1.1" 200 315 "https://pwa.pmcommu.in/" "Mozilla/5.0 (Linux; Android 7.0; Moto G (4)) AppleWebKit/537.36 (KHTML, like Gecko) Chrome/94.0.4590.2 Mobile Safari/537.36 Chrome-Lighthouse"
66.249.82.16 - - [19/May/2022:14:14:29 +0000] "GET / HTTP/1.1" 200 861 "-" "Mozilla/5.0 (Linux; Android 7.0; Moto G (4)) AppleWebKit/537.36 (KHTML, like Gecko) Chrome/94.0.4590.2 Mobile Safari/537.36 Chrome-Lighthouse"
66.249.82.16 - - [19/May/2022:14:14:30 +0000] "GET /robots.txt HTTP/1.1" 404 208 "https://pwa.pmcommu.in/" "Mozilla/5.0 (Linux; Android 7.0; Moto G (4)) AppleWebKit/537.36 (KHTML, like Gecko) Chrome/94.0.4590.2 Mobile Safari/537.36 Chrome-Lighthouse"
66.249.82.16 - - [19/May/2022:14:14:31 +0000] "GET /manifest.json HTTP/1.1" 200 315 "https://pwa.pmcommu.in/" "Mozilla/5.0 (Linux; Android 7.0; Moto G (4)) AppleWebKit/537.36 (KHTML, like Gecko) Chrome/94.0.4590.2 Mobile Safari/537.36 Chrome-Lighthouse"
179.43.169.181 - - [19/May/2022:14:14:31 +0000] "GET / HTTP/1.1" 200 861 "-" "Mozilla/5.0 (X11; Linux i686; rv:10.0) Gecko/20100101 Firefox/10.0"
66.249.82.16 - - [19/May/2022:14:14:31 +0000] "GET / HTTP/1.1" 200 861 "-" "Mozilla/5.0 (Linux; Android 7.0; Moto G (4)) AppleWebKit/537.36 (KHTML, like Gecko) Chrome/94.0.4590.2 Mobile Safari/537.36 Chrome-Lighthouse"
179.43.169.181 - - [19/May/2022:14:14:46 +0000] "GET / HTTP/1.1" 200 861 "-" "Mozilla/5.0 (X11; Linux i686; rv:10.0) Gecko/20100101 Firefox/10.0"
95.211.187.229 - - [19/May/2022:14:16:09 +0000] "GET / HTTP/1.1" 200 861 "-" "Go-http-client/1.1"
122.170.44.211 - - [19/May/2022:14:17:09 +0000] "GET / HTTP/1.1" 200 861 "-" "Mozilla/5.0 (Windows NT 10.0; Win64; x64) AppleWebKit/537.36 (KHTML, like Gecko) Chrome/101.0.4951.67 Safari/537.36"
122.170.44.211 - - [19/May/2022:14:17:09 +0000] "GET /pwall/css.css HTTP/1.1" 200 501 "https://pwa.pmcommu.in/" "Mozilla/5.0 (Windows NT 10.0; Win64; x64) AppleWebKit/537.36 (KHTML, like Gecko) Chrome/101.0.4951.67 Safari/537.36"
122.170.44.211 - - [19/May/2022:14:17:09 +0000] "GET /pwall/js.js HTTP/1.1" 200 557 "https://pwa.pmcommu.in/" "Mozilla/5.0 (Windows NT 10.0; Win64; x64) AppleWebKit/537.36 (KHTML, like Gecko) Chrome/101.0.4951.67 Safari/537.36"
122.170.44.211 - - [19/May/2022:14:17:09 +0000] "GET /pwall/app-store.png HTTP/1.1" 304 - "https://pwa.pmcommu.in/" "Mozilla/5.0 (Windows NT 10.0; Win64; x64) AppleWebKit/537.36 (KHTML, like Gecko) Chrome/101.0.4951.67 Safari/537.36"
122.170.44.211 - - [19/May/2022:14:17:10 +0000] "GET /service-worker.js HTTP/1.1" 404 215 "https://pwa.pmcommu.in/" "Mozilla/5.0 (Windows NT 10.0; Win64; x64) AppleWebKit/537.36 (KHTML, like Gecko) Chrome/101.0.4951.67 Safari/537.36"
122.170.44.211 - - [19/May/2022:14:17:11 +0000] "GET /manifest.json HTTP/1.1" 200 315 "https://pwa.pmcommu.in/" "Mozilla/5.0 (Windows NT 10.0; Win64; x64) AppleWebKit/537.36 (KHTML, like Gecko) Chrome/101.0.4951.67 Safari/537.36"
122.170.44.211 - - [19/May/2022:14:17:17 +0000] "GET / HTTP/1.1" 304 - "-" "Mozilla/5.0 (Windows NT 10.0; Win64; x64) AppleWebKit/537.36 (KHTML, like Gecko) Chrome/101.0.4951.67 Safari/537.36"
122.170.44.211 - - [19/May/2022:14:17:17 +0000] "GET /pwall/js.js HTTP/1.1" 304 - "https://pwa.pmcommu.in/" "Mozilla/5.0 (Windows NT 10.0; Win64; x64) AppleWebKit/537.36 (KHTML, like Gecko) Chrome/101.0.4951.67 Safari/537.36"
122.170.44.211 - - [19/May/2022:14:17:17 +0000] "GET /service-worker.js HTTP/1.1" 404 215 "https://pwa.pmcommu.in/" "Mozilla/5.0 (Windows NT 10.0; Win64; x64) AppleWebKit/537.36 (KHTML, like Gecko) Chrome/101.0.4951.67 Safari/537.36"
122.170.44.211 - - [19/May/2022:14:17:18 +0000] "GET /manifest.json HTTP/1.1" 304 - "https://pwa.pmcommu.in/" "Mozilla/5.0 (Windows NT 10.0; Win64; x64) AppleWebKit/537.36 (KHTML, like Gecko) Chrome/101.0.4951.67 Safari/537.36"
122.170.44.211 - - [19/May/2022:14:17:38 +0000] "GET /manifest.json HTTP/1.1" 304 - "https://pwa.pmcommu.in/" "Mozilla/5.0 (Windows NT 10.0; Win64; x64) AppleWebKit/537.36 (KHTML, like Gecko) Chrome/101.0.4951.67 Safari/537.36"
122.170.44.211 - - [19/May/2022:14:17:41 +0000] "GET / HTTP/1.1" 200 861 "-" "Mozilla/5.0 (Windows NT 10.0; Win64; x64) AppleWebKit/537.36 (KHTML, like Gecko) Chrome/101.0.4951.67 Safari/537.36"
122.170.44.211 - - [19/May/2022:14:17:41 +0000] "GET /pwall/css.css HTTP/1.1" 200 501 "https://pwa.pmcommu.in/" "Mozilla/5.0 (Windows NT 10.0; Win64; x64) AppleWebKit/537.36 (KHTML, like Gecko) Chrome/101.0.4951.67 Safari/537.36"
122.170.44.211 - - [19/May/2022:14:17:41 +0000] "GET /pwall/js.js HTTP/1.1" 200 557 "https://pwa.pmcommu.in/" "Mozilla/5.0 (Windows NT 10.0; Win64; x64) AppleWebKit/537.36 (KHTML, like Gecko) Chrome/101.0.4951.67 Safari/537.36"
122.170.44.211 - - [19/May/2022:14:17:41 +0000] "GET /pwall/app-store.png HTTP/1.1" 200 15812 "https://pwa.pmcommu.in/" "Mozilla/5.0 (Windows NT 10.0; Win64; x64) AppleWebKit/537.36 (KHTML, like Gecko) Chrome/101.0.4951.67 Safari/537.36"
122.170.44.211 - - [19/May/2022:14:17:42 +0000] "GET /pwall/app-store.png HTTP/1.1" 200 15812 "https://pwa.pmcommu.in/" "Mozilla/5.0 (Windows NT 10.0; Win64; x64) AppleWebKit/537.36 (KHTML, like Gecko) Chrome/101.0.4951.67 Safari/537.36"
122.170.44.211 - - [19/May/2022:14:17:42 +0000] "GET /manifest.json HTTP/1.1" 304 - "https://pwa.pmcommu.in/" "Mozilla/5.0 (Windows NT 10.0; Win64; x64) AppleWebKit/537.36 (KHTML, like Gecko) Chrome/101.0.4951.67 Safari/537.36"
122.170.44.211 - - [19/May/2022:14:17:42 +0000] "GET /service-worker.js HTTP/1.1" 404 215 "https://pwa.pmcommu.in/" "Mozilla/5.0 (Windows NT 10.0; Win64; x64) AppleWebKit/537.36 (KHTML, like Gecko) Chrome/101.0.4951.67 Safari/537.36"
95.211.187.229 - - [19/May/2022:14:18:10 +0000] "GET / HTTP/1.1" 200 861 "-" "Go-http-client/1.1"
122.170.44.211 - - [19/May/2022:14:18:16 +0000] "GET /pwall/app-store.png HTTP/1.1" 200 15812 "-" "Mozilla/5.0 (Windows NT 10.0; Win64; x64) AppleWebKit/537.36 (KHTML, like Gecko) Chrome/101.0.4951.67 Safari/537.36"
122.170.44.211 - - [19/May/2022:14:18:39 +0000] "GET /pwall/service-worker.js HTTP/1.1" 200 402 "-" "Mozilla/5.0 (Windows NT 10.0; Win64; x64) AppleWebKit/537.36 (KHTML, like Gecko) Chrome/101.0.4951.67 Safari/537.36"
122.170.44.211 - - [19/May/2022:14:18:40 +0000] "GET /favicon.ico HTTP/1.1" 404 209 "https://pwa.pmcommu.in/pwall/service-worker.js" "Mozilla/5.0 (Windows NT 10.0; Win64; x64) AppleWebKit/537.36 (KHTML, like Gecko) Chrome/101.0.4951.67 Safari/537.36"
122.170.44.211 - - [19/May/2022:14:18:41 +0000] "GET /pwall/service-worker.js HTTP/1.1" 304 - "https://pwa.pmcommu.in/pwall/service-worker.js" "Mozilla/5.0 (Windows NT 10.0; Win64; x64) AppleWebKit/537.36 (KHTML, like Gecko) Chrome/101.0.4951.67 Safari/537.36"
122.170.44.211 - - [19/May/2022:14:18:41 +0000] "GET /pwall/ HTTP/1.1" 200 1527 "https://pwa.pmcommu.in/pwall/service-worker.js" "Mozilla/5.0 (Windows NT 10.0; Win64; x64) AppleWebKit/537.36 (KHTML, like Gecko) Chrome/101.0.4951.67 Safari/537.36"
122.170.44.211 - - [19/May/2022:14:18:41 +0000] "GET /pwall/pwall/css.css HTTP/1.1" 404 217 "https://pwa.pmcommu.in/pwall/service-worker.js" "Mozilla/5.0 (Windows NT 10.0; Win64; x64) AppleWebKit/537.36 (KHTML, like Gecko) Chrome/101.0.4951.67 Safari/537.36"
122.170.44.211 - - [19/May/2022:14:18:41 +0000] "GET /pwall/pwall/app-store.png HTTP/1.1" 404 223 "https://pwa.pmcommu.in/pwall/service-worker.js" "Mozilla/5.0 (Windows NT 10.0; Win64; x64) AppleWebKit/537.36 (KHTML, like Gecko) Chrome/101.0.4951.67 Safari/537.36"
122.170.44.211 - - [19/May/2022:14:19:11 +0000] "GET /pwall/service-worker.js HTTP/1.1" 304 - "https://pwa.pmcommu.in/pwall/service-worker.js" "Mozilla/5.0 (Windows NT 10.0; Win64; x64) AppleWebKit/537.36 (KHTML, like Gecko) Chrome/101.0.4951.67 Safari/537.36"
122.170.44.211 - - [19/May/2022:14:19:12 +0000] "GET /pwall/pwall/app-store.png HTTP/1.1" 404 223 "https://pwa.pmcommu.in/pwall/service-worker.js" "Mozilla/5.0 (Windows NT 10.0; Win64; x64) AppleWebKit/537.36 (KHTML, like Gecko) Chrome/101.0.4951.67 Safari/537.36"
122.170.44.211 - - [19/May/2022:14:19:12 +0000] "GET /pwall/ HTTP/1.1" 200 1527 "https://pwa.pmcommu.in/pwall/service-worker.js" "Mozilla/5.0 (Windows NT 10.0; Win64; x64) AppleWebKit/537.36 (KHTML, like Gecko) Chrome/101.0.4951.67 Safari/537.36"
95.211.187.229 - - [19/May/2022:14:20:10 +0000] "GET / HTTP/1.1" 200 861 "-" "Go-http-client/1.1"
122.170.44.211 - - [19/May/2022:14:36:33 +0000] "GET / HTTP/1.1" 200 796 "-" "Mozilla/5.0 (Windows NT 10.0; Win64; x64) AppleWebKit/537.36 (KHTML, like Gecko) Chrome/101.0.4951.67 Safari/537.36"
122.170.44.211 - - [19/May/2022:14:36:33 +0000] "GET /pwall/css.css HTTP/1.1" 304 - "https://pwa.pmcommu.in/" "Mozilla/5.0 (Windows NT 10.0; Win64; x64) AppleWebKit/537.36 (KHTML, like Gecko) Chrome/101.0.4951.67 Safari/537.36"
122.170.44.211 - - [19/May/2022:14:36:33 +0000] "GET /pwall/js.js HTTP/1.1" 200 308 "https://pwa.pmcommu.in/" "Mozilla/5.0 (Windows NT 10.0; Win64; x64) AppleWebKit/537.36 (KHTML, like Gecko) Chrome/101.0.4951.67 Safari/537.36"
122.170.44.211 - - [19/May/2022:14:36:33 +0000] "GET /pwall/app-store.png HTTP/1.1" 304 - "https://pwa.pmcommu.in/" "Mozilla/5.0 (Windows NT 10.0; Win64; x64) AppleWebKit/537.36 (KHTML, like Gecko) Chrome/101.0.4951.67 Safari/537.36"
122.170.44.211 - - [19/May/2022:14:36:33 +0000] "GET /service-worker.js HTTP/1.1" 404 215 "https://pwa.pmcommu.in/" "Mozilla/5.0 (Windows NT 10.0; Win64; x64) AppleWebKit/537.36 (KHTML, like Gecko) Chrome/101.0.4951.67 Safari/537.36"
122.170.44.211 - - [19/May/2022:14:36:33 +0000] "GET /manifest.json HTTP/1.1" 200 331 "https://pwa.pmcommu.in/" "Mozilla/5.0 (Windows NT 10.0; Win64; x64) AppleWebKit/537.36 (KHTML, like Gecko) Chrome/101.0.4951.67 Safari/537.36"
122.170.44.211 - - [19/May/2022:14:36:41 +0000] "GET / HTTP/1.1" 200 796 "-" "Mozilla/5.0 (Windows NT 10.0; Win64; x64) AppleWebKit/537.36 (KHTML, like Gecko) Chrome/101.0.4951.67 Safari/537.36"
122.170.44.211 - - [19/May/2022:14:36:41 +0000] "GET /pwall/css.css HTTP/1.1" 200 501 "https://pwa.pmcommu.in/" "Mozilla/5.0 (Windows NT 10.0; Win64; x64) AppleWebKit/537.36 (KHTML, like Gecko) Chrome/101.0.4951.67 Safari/537.36"
122.170.44.211 - - [19/May/2022:14:36:41 +0000] "GET /pwall/js.js HTTP/1.1" 200 308 "https://pwa.pmcommu.in/" "Mozilla/5.0 (Windows NT 10.0; Win64; x64) AppleWebKit/537.36 (KHTML, like Gecko) Chrome/101.0.4951.67 Safari/537.36"
122.170.44.211 - - [19/May/2022:14:36:41 +0000] "GET /pwall/app-store.png HTTP/1.1" 200 15812 "https://pwa.pmcommu.in/" "Mozilla/5.0 (Windows NT 10.0; Win64; x64) AppleWebKit/537.36 (KHTML, like Gecko) Chrome/101.0.4951.67 Safari/537.36"
122.170.44.211 - - [19/May/2022:14:36:42 +0000] "GET /service-worker.js HTTP/1.1" 404 215 "https://pwa.pmcommu.in/" "Mozilla/5.0 (Windows NT 10.0; Win64; x64) AppleWebKit/537.36 (KHTML, like Gecko) Chrome/101.0.4951.67 Safari/537.36"
122.170.44.211 - - [19/May/2022:14:36:42 +0000] "GET /pwall/app-store.png HTTP/1.1" 200 15812 "https://pwa.pmcommu.in/" "Mozilla/5.0 (Windows NT 10.0; Win64; x64) AppleWebKit/537.36 (KHTML, like Gecko) Chrome/101.0.4951.67 Safari/537.36"
122.170.44.211 - - [19/May/2022:14:36:43 +0000] "GET /manifest.json HTTP/1.1" 304 - "https://pwa.pmcommu.in/" "Mozilla/5.0 (Windows NT 10.0; Win64; x64) AppleWebKit/537.36 (KHTML, like Gecko) Chrome/101.0.4951.67 Safari/537.36"
122.170.44.211 - - [19/May/2022:14:36:46 +0000] "GET / HTTP/1.1" 200 796 "-" "Mozilla/5.0 (Windows NT 10.0; Win64; x64) AppleWebKit/537.36 (KHTML, like Gecko) Chrome/101.0.4951.67 Safari/537.36"
122.170.44.211 - - [19/May/2022:14:36:46 +0000] "GET /pwall/css.css HTTP/1.1" 200 501 "https://pwa.pmcommu.in/" "Mozilla/5.0 (Windows NT 10.0; Win64; x64) AppleWebKit/537.36 (KHTML, like Gecko) Chrome/101.0.4951.67 Safari/537.36"
122.170.44.211 - - [19/May/2022:14:36:46 +0000] "GET /pwall/js.js HTTP/1.1" 200 308 "https://pwa.pmcommu.in/" "Mozilla/5.0 (Windows NT 10.0; Win64; x64) AppleWebKit/537.36 (KHTML, like Gecko) Chrome/101.0.4951.67 Safari/537.36"
122.170.44.211 - - [19/May/2022:14:36:46 +0000] "GET /pwall/app-store.png HTTP/1.1" 200 15812 "https://pwa.pmcommu.in/" "Mozilla/5.0 (Windows NT 10.0; Win64; x64) AppleWebKit/537.36 (KHTML, like Gecko) Chrome/101.0.4951.67 Safari/537.36"
122.170.44.211 - - [19/May/2022:14:36:46 +0000] "GET /service-worker.js HTTP/1.1" 404 215 "https://pwa.pmcommu.in/" "Mozilla/5.0 (Windows NT 10.0; Win64; x64) AppleWebKit/537.36 (KHTML, like Gecko) Chrome/101.0.4951.67 Safari/537.36"
122.170.44.211 - - [19/May/2022:14:36:46 +0000] "GET /manifest.json HTTP/1.1" 304 - "https://pwa.pmcommu.in/" "Mozilla/5.0 (Windows NT 10.0; Win64; x64) AppleWebKit/537.36 (KHTML, like Gecko) Chrome/101.0.4951.67 Safari/537.36"
122.170.44.211 - - [19/May/2022:14:36:46 +0000] "GET /pwall/app-store.png HTTP/1.1" 200 15812 "https://pwa.pmcommu.in/" "Mozilla/5.0 (Windows NT 10.0; Win64; x64) AppleWebKit/537.36 (KHTML, like Gecko) Chrome/101.0.4951.67 Safari/537.36"
122.170.44.211 - - [19/May/2022:14:36:50 +0000] "GET /manifest.json HTTP/1.1" 304 - "https://pwa.pmcommu.in/" "Mozilla/5.0 (Windows NT 10.0; Win64; x64) AppleWebKit/537.36 (KHTML, like Gecko) Chrome/101.0.4951.67 Safari/537.36"
122.170.44.211 - - [19/May/2022:14:37:38 +0000] "GET / HTTP/1.1" 304 - "-" "Mozilla/5.0 (Windows NT 10.0; Win64; x64) AppleWebKit/537.36 (KHTML, like Gecko) Chrome/101.0.4951.67 Safari/537.36"
122.170.44.211 - - [19/May/2022:14:37:38 +0000] "GET /pwall/js.js HTTP/1.1" 304 - "https://pwa.pmcommu.in/" "Mozilla/5.0 (Windows NT 10.0; Win64; x64) AppleWebKit/537.36 (KHTML, like Gecko) Chrome/101.0.4951.67 Safari/537.36"
122.170.44.211 - - [19/May/2022:14:37:38 +0000] "GET /service-worker.js HTTP/1.1" 404 215 "https://pwa.pmcommu.in/" "Mozilla/5.0 (Windows NT 10.0; Win64; x64) AppleWebKit/537.36 (KHTML, like Gecko) Chrome/101.0.4951.67 Safari/537.36"
122.170.44.211 - - [19/May/2022:14:37:39 +0000] "GET /manifest.json HTTP/1.1" 304 - "https://pwa.pmcommu.in/" "Mozilla/5.0 (Windows NT 10.0; Win64; x64) AppleWebKit/537.36 (KHTML, like Gecko) Chrome/101.0.4951.67 Safari/537.36"
122.170.44.211 - - [19/May/2022:14:37:48 +0000] "GET /pwall/service-worker.js HTTP/1.1" 200 403 "-" "Mozilla/5.0 (Windows NT 10.0; Win64; x64) AppleWebKit/537.36 (KHTML, like Gecko) Chrome/101.0.4951.67 Safari/537.36"
66.249.82.18 - - [19/May/2022:14:37:48 +0000] "GET / HTTP/1.1" 200 796 "-" "Mozilla/5.0 (Linux; Android 7.0; Moto G (4)) AppleWebKit/537.36 (KHTML, like Gecko) Chrome/94.0.4590.2 Mobile Safari/537.36 Chrome-Lighthouse"
122.170.44.211 - - [19/May/2022:14:37:48 +0000] "GET /favicon.ico HTTP/1.1" 404 209 "https://pwa.pmcommu.in/pwall/service-worker.js" "Mozilla/5.0 (Windows NT 10.0; Win64; x64) AppleWebKit/537.36 (KHTML, like Gecko) Chrome/101.0.4951.67 Safari/537.36"
66.249.82.18 - - [19/May/2022:14:37:48 +0000] "GET /pwall/css.css HTTP/1.1" 200 501 "https://pwa.pmcommu.in/" "Mozilla/5.0 (Linux; Android 7.0; Moto G (4)) AppleWebKit/537.36 (KHTML, like Gecko) Chrome/94.0.4590.2 Mobile Safari/537.36 Chrome-Lighthouse"
66.249.82.16 - - [19/May/2022:14:37:49 +0000] "GET /pwall/js.js HTTP/1.1" 200 308 "https://pwa.pmcommu.in/" "Mozilla/5.0 (Linux; Android 7.0; Moto G (4)) AppleWebKit/537.36 (KHTML, like Gecko) Chrome/94.0.4590.2 Mobile Safari/537.36 Chrome-Lighthouse"
66.249.82.16 - - [19/May/2022:14:37:49 +0000] "GET /pwall/app-store.png HTTP/1.1" 200 15812 "https://pwa.pmcommu.in/" "Mozilla/5.0 (Linux; Android 7.0; Moto G (4)) AppleWebKit/537.36 (KHTML, like Gecko) Chrome/94.0.4590.2 Mobile Safari/537.36 Chrome-Lighthouse"
122.170.44.211 - - [19/May/2022:14:37:49 +0000] "GET /pwall/service-worker.js HTTP/1.1" 304 - "-" "Mozilla/5.0 (Windows NT 10.0; Win64; x64) AppleWebKit/537.36 (KHTML, like Gecko) Chrome/101.0.4951.67 Safari/537.36"
66.249.82.18 - - [19/May/2022:14:37:49 +0000] "GET /service-worker.js HTTP/1.1" 404 215 "https://pwa.pmcommu.in/" "Mozilla/5.0 (Linux; Android 7.0; Moto G (4)) AppleWebKit/537.36 (KHTML, like Gecko) Chrome/94.0.4590.2 Mobile Safari/537.36 Chrome-Lighthouse"
122.170.44.211 - - [19/May/2022:14:37:50 +0000] "GET /pwall/service-worker.js HTTP/1.1" 304 - "-" "Mozilla/5.0 (Windows NT 10.0; Win64; x64) AppleWebKit/537.36 (KHTML, like Gecko) Chrome/101.0.4951.67 Safari/537.36"
122.170.44.211 - - [19/May/2022:14:37:50 +0000] "GET /pwall/service-worker.js HTTP/1.1" 304 - "-" "Mozilla/5.0 (Windows NT 10.0; Win64; x64) AppleWebKit/537.36 (KHTML, like Gecko) Chrome/101.0.4951.67 Safari/537.36"
122.170.44.211 - - [19/May/2022:14:37:50 +0000] "GET /pwall/service-worker.js HTTP/1.1" 304 - "-" "Mozilla/5.0 (Windows NT 10.0; Win64; x64) AppleWebKit/537.36 (KHTML, like Gecko) Chrome/101.0.4951.67 Safari/537.36"
122.170.44.211 - - [19/May/2022:14:37:51 +0000] "GET /pwall/service-worker.js HTTP/1.1" 304 - "-" "Mozilla/5.0 (Windows NT 10.0; Win64; x64) AppleWebKit/537.36 (KHTML, like Gecko) Chrome/101.0.4951.67 Safari/537.36"
122.170.44.211 - - [19/May/2022:14:37:51 +0000] "GET /pwall/service-worker.js HTTP/1.1" 304 - "-" "Mozilla/5.0 (Windows NT 10.0; Win64; x64) AppleWebKit/537.36 (KHTML, like Gecko) Chrome/101.0.4951.67 Safari/537.36"
122.170.44.211 - - [19/May/2022:14:37:51 +0000] "GET /pwall/service-worker.js HTTP/1.1" 304 - "https://pwa.pmcommu.in/pwall/service-worker.js" "Mozilla/5.0 (Windows NT 10.0; Win64; x64) AppleWebKit/537.36 (KHTML, like Gecko) Chrome/101.0.4951.67 Safari/537.36"
122.170.44.211 - - [19/May/2022:14:37:51 +0000] "GET /pwall/pwall/css.css HTTP/1.1" 404 217 "https://pwa.pmcommu.in/pwall/service-worker.js" "Mozilla/5.0 (Windows NT 10.0; Win64; x64) AppleWebKit/537.36 (KHTML, like Gecko) Chrome/101.0.4951.67 Safari/537.36"
122.170.44.211 - - [19/May/2022:14:37:51 +0000] "GET /pwall/ HTTP/1.1" 200 1527 "https://pwa.pmcommu.in/pwall/service-worker.js" "Mozilla/5.0 (Windows NT 10.0; Win64; x64) AppleWebKit/537.36 (KHTML, like Gecko) Chrome/101.0.4951.67 Safari/537.36"
122.170.44.211 - - [19/May/2022:14:37:51 +0000] "GET /pwall/pwall/app-store.png HTTP/1.1" 404 223 "https://pwa.pmcommu.in/pwall/service-worker.js" "Mozilla/5.0 (Windows NT 10.0; Win64; x64) AppleWebKit/537.36 (KHTML, like Gecko) Chrome/101.0.4951.67 Safari/537.36"
66.249.82.16 - - [19/May/2022:14:37:52 +0000] "GET /manifest.json HTTP/1.1" 200 331 "https://pwa.pmcommu.in/" "Mozilla/5.0 (Linux; Android 7.0; Moto G (4)) AppleWebKit/537.36 (KHTML, like Gecko) Chrome/94.0.4590.2 Mobile Safari/537.36 Chrome-Lighthouse"
66.249.82.18 - - [19/May/2022:14:37:52 +0000] "GET / HTTP/1.1" 200 796 "-" "Mozilla/5.0 (Linux; Android 7.0; Moto G (4)) AppleWebKit/537.36 (KHTML, like Gecko) Chrome/94.0.4590.2 Mobile Safari/537.36 Chrome-Lighthouse"
66.249.82.16 - - [19/May/2022:14:37:52 +0000] "GET /robots.txt HTTP/1.1" 404 208 "https://pwa.pmcommu.in/" "Mozilla/5.0 (Linux; Android 7.0; Moto G (4)) AppleWebKit/537.36 (KHTML, like Gecko) Chrome/94.0.4590.2 Mobile Safari/537.36 Chrome-Lighthouse"
122.170.44.211 - - [19/May/2022:14:37:53 +0000] "GET /pwall/service-worker.js HTTP/1.1" 304 - "https://pwa.pmcommu.in/pwall/service-worker.js" "Mozilla/5.0 (Windows NT 10.0; Win64; x64) AppleWebKit/537.36 (KHTML, like Gecko) Chrome/101.0.4951.67 Safari/537.36"
122.170.44.211 - - [19/May/2022:14:37:53 +0000] "GET /pwall/ HTTP/1.1" 200 1527 "https://pwa.pmcommu.in/pwall/service-worker.js" "Mozilla/5.0 (Windows NT 10.0; Win64; x64) AppleWebKit/537.36 (KHTML, like Gecko) Chrome/101.0.4951.67 Safari/537.36"
122.170.44.211 - - [19/May/2022:14:37:53 +0000] "GET /pwall/pwall/app-store.png HTTP/1.1" 404 223 "https://pwa.pmcommu.in/pwall/service-worker.js" "Mozilla/5.0 (Windows NT 10.0; Win64; x64) AppleWebKit/537.36 (KHTML, like Gecko) Chrome/101.0.4951.67 Safari/537.36"
122.170.44.211 - - [19/May/2022:14:37:53 +0000] "GET /pwall/pwall/css.css HTTP/1.1" 404 217 "https://pwa.pmcommu.in/pwall/service-worker.js" "Mozilla/5.0 (Windows NT 10.0; Win64; x64) AppleWebKit/537.36 (KHTML, like Gecko) Chrome/101.0.4951.67 Safari/537.36"
66.249.82.18 - - [19/May/2022:14:37:53 +0000] "GET /manifest.json HTTP/1.1" 200 331 "https://pwa.pmcommu.in/" "Mozilla/5.0 (Linux; Android 7.0; Moto G (4)) AppleWebKit/537.36 (KHTML, like Gecko) Chrome/94.0.4590.2 Mobile Safari/537.36 Chrome-Lighthouse"
66.249.82.17 - - [19/May/2022:14:37:54 +0000] "GET / HTTP/1.1" 200 796 "-" "Mozilla/5.0 (Linux; Android 7.0; Moto G (4)) AppleWebKit/537.36 (KHTML, like Gecko) Chrome/94.0.4590.2 Mobile Safari/537.36 Chrome-Lighthouse"
66.249.82.16 - - [19/May/2022:14:37:55 +0000] "GET /service-worker.js HTTP/1.1" 404 215 "https://pwa.pmcommu.in/" "Mozilla/5.0 (Linux; Android 7.0; Moto G (4)) AppleWebKit/537.36 (KHTML, like Gecko) Chrome/94.0.4590.2 Mobile Safari/537.36 Chrome-Lighthouse"
122.170.44.211 - - [19/May/2022:14:39:03 +0000] "GET / HTTP/1.1" 301 231 "-" "Mozilla/5.0 (Linux; Android 11; Redmi Note 8 Pro) AppleWebKit/537.36 (KHTML, like Gecko) Chrome/101.0.4951.61 Mobile Safari/537.36"
122.170.44.211 - - [19/May/2022:14:39:03 +0000] "GET / HTTP/1.1" 200 796 "-" "Mozilla/5.0 (Linux; Android 11; Redmi Note 8 Pro) AppleWebKit/537.36 (KHTML, like Gecko) Chrome/101.0.4951.61 Mobile Safari/537.36"
122.170.44.211 - - [19/May/2022:14:39:03 +0000] "GET /pwall/css.css HTTP/1.1" 200 501 "https://pwa.pmcommu.in/" "Mozilla/5.0 (Linux; Android 11; Redmi Note 8 Pro) AppleWebKit/537.36 (KHTML, like Gecko) Chrome/101.0.4951.61 Mobile Safari/537.36"
122.170.44.211 - - [19/May/2022:14:39:03 +0000] "GET /pwall/js.js HTTP/1.1" 200 308 "https://pwa.pmcommu.in/" "Mozilla/5.0 (Linux; Android 11; Redmi Note 8 Pro) AppleWebKit/537.36 (KHTML, like Gecko) Chrome/101.0.4951.61 Mobile Safari/537.36"
122.170.44.211 - - [19/May/2022:14:39:03 +0000] "GET /pwall/app-store.png HTTP/1.1" 200 15812 "https://pwa.pmcommu.in/" "Mozilla/5.0 (Linux; Android 11; Redmi Note 8 Pro) AppleWebKit/537.36 (KHTML, like Gecko) Chrome/101.0.4951.61 Mobile Safari/537.36"
122.170.44.211 - - [19/May/2022:14:39:03 +0000] "GET /service-worker.js HTTP/1.1" 404 215 "https://pwa.pmcommu.in/" "Mozilla/5.0 (Linux; Android 11; Redmi Note 8 Pro) AppleWebKit/537.36 (KHTML, like Gecko) Chrome/101.0.4951.61 Mobile Safari/537.36"
122.170.44.211 - - [19/May/2022:14:39:03 +0000] "GET /manifest.json HTTP/1.1" 200 331 "https://pwa.pmcommu.in/" "Mozilla/5.0 (Linux; Android 11; Redmi Note 8 Pro) AppleWebKit/537.36 (KHTML, like Gecko) Chrome/101.0.4951.61 Mobile Safari/537.36"
122.170.44.211 - - [19/May/2022:14:39:05 +0000] "GET / HTTP/1.1" 304 - "-" "Mozilla/5.0 (Linux; Android 11; Redmi Note 8 Pro) AppleWebKit/537.36 (KHTML, like Gecko) Chrome/101.0.4951.61 Mobile Safari/537.36"
122.170.44.211 - - [19/May/2022:14:39:05 +0000] "GET /service-worker.js HTTP/1.1" 404 215 "https://pwa.pmcommu.in/" "Mozilla/5.0 (Linux; Android 11; Redmi Note 8 Pro) AppleWebKit/537.36 (KHTML, like Gecko) Chrome/101.0.4951.61 Mobile Safari/537.36"
122.170.44.211 - - [19/May/2022:14:39:21 +0000] "GET / HTTP/1.1" 304 - "-" "Mozilla/5.0 (Linux; Android 11; Redmi Note 8 Pro) AppleWebKit/537.36 (KHTML, like Gecko) Chrome/101.0.4951.61 Mobile Safari/537.36"
122.170.44.211 - - [19/May/2022:14:39:21 +0000] "GET /pwall/js.js HTTP/1.1" 304 - "https://pwa.pmcommu.in/" "Mozilla/5.0 (Linux; Android 11; Redmi Note 8 Pro) AppleWebKit/537.36 (KHTML, like Gecko) Chrome/101.0.4951.61 Mobile Safari/537.36"
122.170.44.211 - - [19/May/2022:14:39:21 +0000] "GET /service-worker.js HTTP/1.1" 404 215 "https://pwa.pmcommu.in/" "Mozilla/5.0 (Linux; Android 11; Redmi Note 8 Pro) AppleWebKit/537.36 (KHTML, like Gecko) Chrome/101.0.4951.61 Mobile Safari/537.36"
122.170.44.211 - - [19/May/2022:14:39:21 +0000] "GET /manifest.json HTTP/1.1" 304 - "https://pwa.pmcommu.in/" "Mozilla/5.0 (Linux; Android 11; Redmi Note 8 Pro) AppleWebKit/537.36 (KHTML, like Gecko) Chrome/101.0.4951.61 Mobile Safari/537.36"
122.170.44.211 - - [19/May/2022:14:39:23 +0000] "GET /service-worker.js HTTP/1.1" 404 215 "https://pwa.pmcommu.in/" "Mozilla/5.0 (Linux; Android 11; Redmi Note 8 Pro) AppleWebKit/537.36 (KHTML, like Gecko) Chrome/101.0.4951.61 Mobile Safari/537.36"
122.170.44.211 - - [19/May/2022:14:39:26 +0000] "GET / HTTP/1.1" 304 - "-" "Mozilla/5.0 (Linux; Android 11; Redmi Note 8 Pro) AppleWebKit/537.36 (KHTML, like Gecko) Chrome/101.0.4951.61 Mobile Safari/537.36"
122.170.44.211 - - [19/May/2022:14:39:26 +0000] "GET /service-worker.js HTTP/1.1" 404 215 "https://pwa.pmcommu.in/" "Mozilla/5.0 (Linux; Android 11; Redmi Note 8 Pro) AppleWebKit/537.36 (KHTML, like Gecko) Chrome/101.0.4951.61 Mobile Safari/537.36"
122.170.44.211 - - [19/May/2022:14:39:33 +0000] "GET /service-worker.js HTTP/1.1" 404 215 "https://pwa.pmcommu.in/" "Mozilla/5.0 (Linux; Android 11; Redmi Note 8 Pro) AppleWebKit/537.36 (KHTML, like Gecko) Chrome/101.0.4951.61 Mobile Safari/537.36"
122.170.44.211 - - [19/May/2022:14:39:38 +0000] "GET /service-worker.js HTTP/1.1" 404 215 "https://pwa.pmcommu.in/" "Mozilla/5.0 (Linux; Android 11; Redmi Note 8 Pro) AppleWebKit/537.36 (KHTML, like Gecko) Chrome/101.0.4951.61 Mobile Safari/537.36"
122.170.44.211 - - [19/May/2022:14:39:53 +0000] "GET /pwall/js.js HTTP/1.1" 304 - "https://pwa.pmcommu.in/" "Mozilla/5.0 (Linux; Android 11; Redmi Note 8 Pro) AppleWebKit/537.36 (KHTML, like Gecko) Chrome/101.0.4951.61 Mobile Safari/537.36"
122.170.44.211 - - [19/May/2022:14:39:53 +0000] "GET /service-worker.js HTTP/1.1" 404 215 "https://pwa.pmcommu.in/" "Mozilla/5.0 (Linux; Android 11; Redmi Note 8 Pro) AppleWebKit/537.36 (KHTML, like Gecko) Chrome/101.0.4951.61 Mobile Safari/537.36"
122.170.44.211 - - [19/May/2022:14:39:53 +0000] "GET /manifest.json HTTP/1.1" 304 - "https://pwa.pmcommu.in/" "Mozilla/5.0 (Linux; Android 11; Redmi Note 8 Pro) AppleWebKit/537.36 (KHTML, like Gecko) Chrome/101.0.4951.61 Mobile Safari/537.36"
122.170.44.211 - - [19/May/2022:14:39:54 +0000] "GET / HTTP/1.1" 304 - "-" "Mozilla/5.0 (Linux; Android 11; Redmi Note 8 Pro) AppleWebKit/537.36 (KHTML, like Gecko) Chrome/101.0.4951.61 Mobile Safari/537.36"
122.170.44.211 - - [19/May/2022:14:39:54 +0000] "GET /service-worker.js HTTP/1.1" 404 215 "https://pwa.pmcommu.in/" "Mozilla/5.0 (Linux; Android 11; Redmi Note 8 Pro) AppleWebKit/537.36 (KHTML, like Gecko) Chrome/101.0.4951.61 Mobile Safari/537.36"
122.170.44.211 - - [19/May/2022:14:39:57 +0000] "GET / HTTP/1.1" 304 - "-" "Mozilla/5.0 (Linux; Android 11; Redmi Note 8 Pro) AppleWebKit/537.36 (KHTML, like Gecko) Chrome/101.0.4951.61 Mobile Safari/537.36"
122.170.44.211 - - [19/May/2022:14:39:57 +0000] "GET /service-worker.js HTTP/1.1" 404 215 "https://pwa.pmcommu.in/" "Mozilla/5.0 (Linux; Android 11; Redmi Note 8 Pro) AppleWebKit/537.36 (KHTML, like Gecko) Chrome/101.0.4951.61 Mobile Safari/537.36"
122.170.44.211 - - [19/May/2022:14:40:08 +0000] "GET /manifest.json HTTP/1.1" 304 - "https://pwa.pmcommu.in/" "Mozilla/5.0 (Windows NT 10.0; Win64; x64) AppleWebKit/537.36 (KHTML, like Gecko) Chrome/101.0.4951.67 Safari/537.36"
122.170.44.211 - - [19/May/2022:14:46:58 +0000] "GET / HTTP/1.1" 304 - "-" "Mozilla/5.0 (Windows NT 10.0; Win64; x64) AppleWebKit/537.36 (KHTML, like Gecko) Chrome/101.0.4951.67 Safari/537.36"
122.170.44.211 - - [19/May/2022:14:46:58 +0000] "GET /pwall/css.css HTTP/1.1" 304 - "https://pwa.pmcommu.in/" "Mozilla/5.0 (Windows NT 10.0; Win64; x64) AppleWebKit/537.36 (KHTML, like Gecko) Chrome/101.0.4951.67 Safari/537.36"
122.170.44.211 - - [19/May/2022:14:46:58 +0000] "GET /pwall/app-store.png HTTP/1.1" 304 - "https://pwa.pmcommu.in/" "Mozilla/5.0 (Windows NT 10.0; Win64; x64) AppleWebKit/537.36 (KHTML, like Gecko) Chrome/101.0.4951.67 Safari/537.36"
122.170.44.211 - - [19/May/2022:14:46:58 +0000] "GET /pwall/js.js HTTP/1.1" 304 - "https://pwa.pmcommu.in/" "Mozilla/5.0 (Windows NT 10.0; Win64; x64) AppleWebKit/537.36 (KHTML, like Gecko) Chrome/101.0.4951.67 Safari/537.36"
122.170.44.211 - - [19/May/2022:14:46:58 +0000] "GET /service-worker.js HTTP/1.1" 404 215 "https://pwa.pmcommu.in/" "Mozilla/5.0 (Windows NT 10.0; Win64; x64) AppleWebKit/537.36 (KHTML, like Gecko) Chrome/101.0.4951.67 Safari/537.36"
122.170.44.211 - - [19/May/2022:14:46:59 +0000] "GET /manifest.json HTTP/1.1" 304 - "https://pwa.pmcommu.in/" "Mozilla/5.0 (Windows NT 10.0; Win64; x64) AppleWebKit/537.36 (KHTML, like Gecko) Chrome/101.0.4951.67 Safari/537.36"
122.170.44.211 - - [19/May/2022:14:49:54 +0000] "GET / HTTP/1.1" 200 797 "-" "Mozilla/5.0 (Windows NT 10.0; Win64; x64) AppleWebKit/537.36 (KHTML, like Gecko) Chrome/101.0.4951.67 Safari/537.36"
122.170.44.211 - - [19/May/2022:14:49:54 +0000] "GET /pwall/js.js HTTP/1.1" 304 - "https://pwa.pmcommu.in/" "Mozilla/5.0 (Windows NT 10.0; Win64; x64) AppleWebKit/537.36 (KHTML, like Gecko) Chrome/101.0.4951.67 Safari/537.36"
122.170.44.211 - - [19/May/2022:14:49:54 +0000] "GET /service-worker.js HTTP/1.1" 404 215 "https://pwa.pmcommu.in/" "Mozilla/5.0 (Windows NT 10.0; Win64; x64) AppleWebKit/537.36 (KHTML, like Gecko) Chrome/101.0.4951.67 Safari/537.36"
122.170.44.211 - - [19/May/2022:14:49:55 +0000] "GET /manifest.json HTTP/1.1" 304 - "https://pwa.pmcommu.in/" "Mozilla/5.0 (Windows NT 10.0; Win64; x64) AppleWebKit/537.36 (KHTML, like Gecko) Chrome/101.0.4951.67 Safari/537.36"
122.170.44.211 - - [19/May/2022:14:49:59 +0000] "GET /service-worker.js HTTP/1.1" 404 215 "-" "Mozilla/5.0 (Windows NT 10.0; Win64; x64) AppleWebKit/537.36 (KHTML, like Gecko) Chrome/101.0.4951.67 Safari/537.36"
93.119.227.91 - - [19/May/2022:14:49:59 +0000] "GET / HTTP/1.1" 200 797 "-" "Mozilla/5.0 (Windows NT 10.0; Win64; x64; rv:58.0) Gecko/20100101 Firefox/58.0"
122.170.44.211 - - [19/May/2022:14:50:49 +0000] "GET / HTTP/1.1" 304 - "-" "Mozilla/5.0 (Windows NT 10.0; Win64; x64) AppleWebKit/537.36 (KHTML, like Gecko) Chrome/101.0.4951.67 Safari/537.36"
122.170.44.211 - - [19/May/2022:14:50:49 +0000] "GET /service-worker.js HTTP/1.1" 404 215 "https://pwa.pmcommu.in/" "Mozilla/5.0 (Windows NT 10.0; Win64; x64) AppleWebKit/537.36 (KHTML, like Gecko) Chrome/101.0.4951.67 Safari/537.36"
122.170.44.211 - - [19/May/2022:14:50:51 +0000] "GET / HTTP/1.1" 200 797 "-" "Mozilla/5.0 (Windows NT 10.0; Win64; x64) AppleWebKit/537.36 (KHTML, like Gecko) Chrome/101.0.4951.67 Safari/537.36"
122.170.44.211 - - [19/May/2022:14:50:51 +0000] "GET /pwall/css.css HTTP/1.1" 200 501 "https://pwa.pmcommu.in/" "Mozilla/5.0 (Windows NT 10.0; Win64; x64) AppleWebKit/537.36 (KHTML, like Gecko) Chrome/101.0.4951.67 Safari/537.36"
122.170.44.211 - - [19/May/2022:14:50:51 +0000] "GET /pwall/js.js HTTP/1.1" 200 315 "https://pwa.pmcommu.in/" "Mozilla/5.0 (Windows NT 10.0; Win64; x64) AppleWebKit/537.36 (KHTML, like Gecko) Chrome/101.0.4951.67 Safari/537.36"
122.170.44.211 - - [19/May/2022:14:50:51 +0000] "GET /pwall/app-store.png HTTP/1.1" 200 15812 "https://pwa.pmcommu.in/" "Mozilla/5.0 (Windows NT 10.0; Win64; x64) AppleWebKit/537.36 (KHTML, like Gecko) Chrome/101.0.4951.67 Safari/537.36"
122.170.44.211 - - [19/May/2022:14:50:52 +0000] "GET /pwall/app-store.png HTTP/1.1" 200 15812 "https://pwa.pmcommu.in/" "Mozilla/5.0 (Windows NT 10.0; Win64; x64) AppleWebKit/537.36 (KHTML, like Gecko) Chrome/101.0.4951.67 Safari/537.36"
122.170.44.211 - - [19/May/2022:14:52:10 +0000] "GET / HTTP/1.1" 200 797 "-" "Mozilla/5.0 (Linux; Android 11; Redmi Note 8 Pro) AppleWebKit/537.36 (KHTML, like Gecko) Chrome/101.0.4951.61 Mobile Safari/537.36"
122.170.44.211 - - [19/May/2022:14:52:10 +0000] "GET /pwall/css.css HTTP/1.1" 304 - "https://pwa.pmcommu.in/" "Mozilla/5.0 (Linux; Android 11; Redmi Note 8 Pro) AppleWebKit/537.36 (KHTML, like Gecko) Chrome/101.0.4951.61 Mobile Safari/537.36"
122.170.44.211 - - [19/May/2022:14:52:10 +0000] "GET /pwall/app-store.png HTTP/1.1" 304 - "https://pwa.pmcommu.in/" "Mozilla/5.0 (Linux; Android 11; Redmi Note 8 Pro) AppleWebKit/537.36 (KHTML, like Gecko) Chrome/101.0.4951.61 Mobile Safari/537.36"
122.170.44.211 - - [19/May/2022:14:52:10 +0000] "GET /pwall/js.js HTTP/1.1" 200 315 "https://pwa.pmcommu.in/" "Mozilla/5.0 (Linux; Android 11; Redmi Note 8 Pro) AppleWebKit/537.36 (KHTML, like Gecko) Chrome/101.0.4951.61 Mobile Safari/537.36"
122.170.44.211 - - [19/May/2022:14:52:10 +0000] "GET /pwall/service-worker.js HTTP/1.1" 200 403 "https://pwa.pmcommu.in/" "Mozilla/5.0 (Linux; Android 11; Redmi Note 8 Pro) AppleWebKit/537.36 (KHTML, like Gecko) Chrome/101.0.4951.61 Mobile Safari/537.36"
122.170.44.211 - - [19/May/2022:14:52:10 +0000] "GET /pwall/ HTTP/1.1" 200 1527 "https://pwa.pmcommu.in/pwall/service-worker.js" "Mozilla/5.0 (Linux; Android 11; Redmi Note 8 Pro) AppleWebKit/537.36 (KHTML, like Gecko) Chrome/101.0.4951.61 Mobile Safari/537.36"
122.170.44.211 - - [19/May/2022:14:52:10 +0000] "GET /pwall/pwall/css.css HTTP/1.1" 404 217 "https://pwa.pmcommu.in/pwall/service-worker.js" "Mozilla/5.0 (Linux; Android 11; Redmi Note 8 Pro) AppleWebKit/537.36 (KHTML, like Gecko) Chrome/101.0.4951.61 Mobile Safari/537.36"
122.170.44.211 - - [19/May/2022:14:52:10 +0000] "GET /pwall/pwall/app-store.png HTTP/1.1" 404 223 "https://pwa.pmcommu.in/pwall/service-worker.js" "Mozilla/5.0 (Linux; Android 11; Redmi Note 8 Pro) AppleWebKit/537.36 (KHTML, like Gecko) Chrome/101.0.4951.61 Mobile Safari/537.36"
122.170.44.211 - - [19/May/2022:14:52:10 +0000] "GET /manifest.json HTTP/1.1" 200 331 "https://pwa.pmcommu.in/" "Mozilla/5.0 (Linux; Android 11; Redmi Note 8 Pro) AppleWebKit/537.36 (KHTML, like Gecko) Chrome/101.0.4951.61 Mobile Safari/537.36"
122.170.44.211 - - [19/May/2022:14:52:26 +0000] "GET / HTTP/1.1" 304 - "-" "Mozilla/5.0 (Linux; Android 11; Redmi Note 8 Pro) AppleWebKit/537.36 (KHTML, like Gecko) Chrome/101.0.4951.61 Mobile Safari/537.36"
122.170.44.211 - - [19/May/2022:14:52:26 +0000] "GET /pwall/js.js HTTP/1.1" 304 - "https://pwa.pmcommu.in/" "Mozilla/5.0 (Linux; Android 11; Redmi Note 8 Pro) AppleWebKit/537.36 (KHTML, like Gecko) Chrome/101.0.4951.61 Mobile Safari/537.36"
122.170.44.211 - - [19/May/2022:14:52:26 +0000] "GET /pwall/service-worker.js HTTP/1.1" 304 - "https://pwa.pmcommu.in/" "Mozilla/5.0 (Linux; Android 11; Redmi Note 8 Pro) AppleWebKit/537.36 (KHTML, like Gecko) Chrome/101.0.4951.61 Mobile Safari/537.36"
122.170.44.211 - - [19/May/2022:14:52:26 +0000] "GET /manifest.json HTTP/1.1" 304 - "https://pwa.pmcommu.in/" "Mozilla/5.0 (Linux; Android 11; Redmi Note 8 Pro) AppleWebKit/537.36 (KHTML, like Gecko) Chrome/101.0.4951.61 Mobile Safari/537.36"
122.170.44.211 - - [19/May/2022:14:52:26 +0000] "GET /pwall/ HTTP/1.1" 200 1527 "https://pwa.pmcommu.in/pwall/service-worker.js" "Mozilla/5.0 (Linux; Android 11; Redmi Note 8 Pro) AppleWebKit/537.36 (KHTML, like Gecko) Chrome/101.0.4951.61 Mobile Safari/537.36"
122.170.44.211 - - [19/May/2022:14:52:26 +0000] "GET /pwall/pwall/css.css HTTP/1.1" 404 217 "https://pwa.pmcommu.in/pwall/service-worker.js" "Mozilla/5.0 (Linux; Android 11; Redmi Note 8 Pro) AppleWebKit/537.36 (KHTML, like Gecko) Chrome/101.0.4951.61 Mobile Safari/537.36"
122.170.44.211 - - [19/May/2022:14:52:26 +0000] "GET /pwall/pwall/app-store.png HTTP/1.1" 404 223 "https://pwa.pmcommu.in/pwall/service-worker.js" "Mozilla/5.0 (Linux; Android 11; Redmi Note 8 Pro) AppleWebKit/537.36 (KHTML, like Gecko) Chrome/101.0.4951.61 Mobile Safari/537.36"
122.170.44.211 - - [19/May/2022:14:55:35 +0000] "GET / HTTP/1.1" 304 - "-" "Mozilla/5.0 (Linux; Android 11; Redmi Note 8 Pro) AppleWebKit/537.36 (KHTML, like Gecko) Chrome/101.0.4951.61 Mobile Safari/537.36"
122.170.44.211 - - [19/May/2022:14:55:35 +0000] "GET /pwall/js.js HTTP/1.1" 304 - "https://pwa.pmcommu.in/" "Mozilla/5.0 (Linux; Android 11; Redmi Note 8 Pro) AppleWebKit/537.36 (KHTML, like Gecko) Chrome/101.0.4951.61 Mobile Safari/537.36"
122.170.44.211 - - [19/May/2022:14:55:35 +0000] "GET /pwall/service-worker.js HTTP/1.1" 304 - "https://pwa.pmcommu.in/" "Mozilla/5.0 (Linux; Android 11; Redmi Note 8 Pro) AppleWebKit/537.36 (KHTML, like Gecko) Chrome/101.0.4951.61 Mobile Safari/537.36"
122.170.44.211 - - [19/May/2022:14:55:35 +0000] "GET /pwall/ HTTP/1.1" 200 1527 "https://pwa.pmcommu.in/pwall/service-worker.js" "Mozilla/5.0 (Linux; Android 11; Redmi Note 8 Pro) AppleWebKit/537.36 (KHTML, like Gecko) Chrome/101.0.4951.61 Mobile Safari/537.36"
122.170.44.211 - - [19/May/2022:14:55:35 +0000] "GET /manifest.json HTTP/1.1" 304 - "https://pwa.pmcommu.in/" "Mozilla/5.0 (Linux; Android 11; Redmi Note 8 Pro) AppleWebKit/537.36 (KHTML, like Gecko) Chrome/101.0.4951.61 Mobile Safari/537.36"
122.170.44.211 - - [19/May/2022:14:55:35 +0000] "GET /pwall/pwall/css.css HTTP/1.1" 404 217 "https://pwa.pmcommu.in/pwall/service-worker.js" "Mozilla/5.0 (Linux; Android 11; Redmi Note 8 Pro) AppleWebKit/537.36 (KHTML, like Gecko) Chrome/101.0.4951.61 Mobile Safari/537.36"
122.170.44.211 - - [19/May/2022:14:55:35 +0000] "GET /pwall/pwall/app-store.png HTTP/1.1" 404 223 "https://pwa.pmcommu.in/pwall/service-worker.js" "Mozilla/5.0 (Linux; Android 11; Redmi Note 8 Pro) AppleWebKit/537.36 (KHTML, like Gecko) Chrome/101.0.4951.61 Mobile Safari/537.36"
27.61.137.58 - - [19/May/2022:15:05:46 +0000] "GET / HTTP/1.1" 304 - "-" "Mozilla/5.0 (Linux; Android 11; Redmi Note 8 Pro) AppleWebKit/537.36 (KHTML, like Gecko) Chrome/101.0.4951.61 Mobile Safari/537.36"
27.61.137.58 - - [19/May/2022:15:05:46 +0000] "GET /pwall/css.css HTTP/1.1" 304 - "https://pwa.pmcommu.in/" "Mozilla/5.0 (Linux; Android 11; Redmi Note 8 Pro) AppleWebKit/537.36 (KHTML, like Gecko) Chrome/101.0.4951.61 Mobile Safari/537.36"
27.61.137.58 - - [19/May/2022:15:05:46 +0000] "GET /pwall/js.js HTTP/1.1" 304 - "https://pwa.pmcommu.in/" "Mozilla/5.0 (Linux; Android 11; Redmi Note 8 Pro) AppleWebKit/537.36 (KHTML, like Gecko) Chrome/101.0.4951.61 Mobile Safari/537.36"
27.61.137.58 - - [19/May/2022:15:05:46 +0000] "GET /pwall/app-store.png HTTP/1.1" 304 - "https://pwa.pmcommu.in/" "Mozilla/5.0 (Linux; Android 11; Redmi Note 8 Pro) AppleWebKit/537.36 (KHTML, like Gecko) Chrome/101.0.4951.61 Mobile Safari/537.36"
27.61.137.58 - - [19/May/2022:15:05:46 +0000] "GET /pwall/service-worker.js HTTP/1.1" 304 - "https://pwa.pmcommu.in/" "Mozilla/5.0 (Linux; Android 11; Redmi Note 8 Pro) AppleWebKit/537.36 (KHTML, like Gecko) Chrome/101.0.4951.61 Mobile Safari/537.36"
27.61.137.58 - - [19/May/2022:15:05:47 +0000] "GET /pwall/ HTTP/1.1" 200 1527 "https://pwa.pmcommu.in/pwall/service-worker.js" "Mozilla/5.0 (Linux; Android 11; Redmi Note 8 Pro) AppleWebKit/537.36 (KHTML, like Gecko) Chrome/101.0.4951.61 Mobile Safari/537.36"
27.61.137.58 - - [19/May/2022:15:05:47 +0000] "GET /pwall/pwall/css.css HTTP/1.1" 404 217 "https://pwa.pmcommu.in/pwall/service-worker.js" "Mozilla/5.0 (Linux; Android 11; Redmi Note 8 Pro) AppleWebKit/537.36 (KHTML, like Gecko) Chrome/101.0.4951.61 Mobile Safari/537.36"
